---
http_interactions:
- request:
    method: post
    uri: http://localhost:3000/locomotive/api/v3/tokens.json
    body:
      encoding: UTF-8
      string: email=admin%40locomotivecms.com&password=locomotive
    headers:
      Accept:
      - application/json
      Content-Type:
      - application/x-www-form-urlencoded
      Accept-Encoding:
      - gzip;q=1.0,deflate;q=0.6,identity;q=0.3
      User-Agent:
      - Ruby
  response:
    status:
      code: 201
      message: Created
    headers:
      Content-Type:
      - application/json
      Etag:
      - W/"120917583ae3f64355d682b690f7cb40"
      Cache-Control:
      - max-age=0, private, must-revalidate
      X-Request-Id:
      - c552de19-adc2-4b44-9f7e-51c1f61e2474
      X-Runtime:
      - '0.020439'
      Content-Length:
      - '32'
    body:
      encoding: UTF-8
      string: '{"token":"E2aoXzMxkFsLnCcmCcc_"}'
    http_version: 
  recorded_at: Sat, 21 Nov 2015 22:31:02 GMT
- request:
    method: get
    uri: http://localhost:3000/locomotive/sample/api/v3/content_types.json?auth_token=E2aoXzMxkFsLnCcmCcc_
    body:
      encoding: US-ASCII
      string: ''
    headers:
      Accept:
      - application/json
      X-Locomotive-Account-Email:
      - admin@locomotivecms.com
      X-Locomotive-Account-Token:
      - E2aoXzMxkFsLnCcmCcc_
      Accept-Encoding:
      - gzip;q=1.0,deflate;q=0.6,identity;q=0.3
      User-Agent:
      - Ruby
  response:
    status:
      code: 200
      message: OK
    headers:
      Content-Type:
      - application/json
      Etag:
      - W/"d751713988987e9331980363e24189ce"
      Cache-Control:
      - max-age=0, private, must-revalidate
      X-Request-Id:
      - bf8df4ea-7df6-4f56-baa3-c88fae8a084f
      X-Runtime:
      - '0.025299'
      Content-Length:
      - '2'
    body:
      encoding: UTF-8
      string: "[]"
    http_version: 
  recorded_at: Sat, 21 Nov 2015 22:31:02 GMT
- request:
    method: post
    uri: http://localhost:3000/locomotive/api/v3/tokens.json
    body:
      encoding: UTF-8
      string: email=admin%40locomotivecms.com&password=locomotive
    headers:
      Accept:
      - application/json
      Content-Type:
      - application/x-www-form-urlencoded
      Accept-Encoding:
      - gzip;q=1.0,deflate;q=0.6,identity;q=0.3
      User-Agent:
      - Ruby
  response:
    status:
      code: 201
      message: Created
    headers:
      Content-Type:
      - application/json
      Etag:
      - W/"120917583ae3f64355d682b690f7cb40"
      Cache-Control:
      - max-age=0, private, must-revalidate
      X-Request-Id:
      - 9a7358e6-5b33-4e91-8f86-f9865f66425b
      X-Runtime:
      - '0.016606'
      Content-Length:
      - '32'
    body:
      encoding: UTF-8
      string: '{"token":"E2aoXzMxkFsLnCcmCcc_"}'
    http_version: 
  recorded_at: Sat, 21 Nov 2015 22:31:02 GMT
- request:
    method: post
    uri: http://localhost:3000/locomotive/sample/api/v3/content_types.json
    body:
      encoding: UTF-8
      string: auth_token=E2aoXzMxkFsLnCcmCcc_&content_type%5Bfields%5D%5B0%5D%5Blabel%5D=Name&content_type%5Bfields%5D%5B0%5D%5Bname%5D=name&content_type%5Bfields%5D%5B0%5D%5Btype%5D=string&content_type%5Bname%5D=Projects&content_type%5Bslug%5D=projects
    headers:
      Accept:
      - application/json
      X-Locomotive-Account-Email:
      - admin@locomotivecms.com
      X-Locomotive-Account-Token:
      - E2aoXzMxkFsLnCcmCcc_
      Content-Type:
      - application/x-www-form-urlencoded
      Accept-Encoding:
      - gzip;q=1.0,deflate;q=0.6,identity;q=0.3
      User-Agent:
      - Ruby
  response:
    status:
      code: 201
      message: Created
    headers:
      Content-Type:
      - application/json
      Etag:
      - W/"4c843ebeee95b661c5447835f4f00449"
      Cache-Control:
      - max-age=0, private, must-revalidate
      X-Request-Id:
      - 69128a2f-593b-465e-914d-dd7b1e388c0d
      X-Runtime:
      - '0.044901'
      Content-Length:
      - '642'
    body:
      encoding: UTF-8
      string: '{"_id":"5650f0a687f6436cbc00002f","created_at":"2015-11-21T22:31:02Z","updated_at":"2015-11-21T22:31:02Z","name":"Projects","slug":"projects","description":null,"label_field_name":"name","order_direction":"asc","public_submission_enabled":false,"public_submission_accounts":[],"public_submission_title_template":null,"entry_template":null,"display_settings":null,"fields":[{"_id":"5650f0a687f6436cbc000030","created_at":null,"updated_at":null,"name":"name","type":"string","label":"Name","hint":null,"required":true,"localized":false,"unique":false,"position":0}],"order_by":"created_at","group_by":null,"public_submission_account_emails":[]}'
    http_version: 
  recorded_at: Sat, 21 Nov 2015 22:31:02 GMT
- request:
    method: post
    uri: http://localhost:3000/locomotive/api/v3/tokens.json
    body:
      encoding: UTF-8
      string: email=admin%40locomotivecms.com&password=locomotive
    headers:
      Accept:
      - application/json
      Content-Type:
      - application/x-www-form-urlencoded
      Accept-Encoding:
      - gzip;q=1.0,deflate;q=0.6,identity;q=0.3
      User-Agent:
      - Ruby
  response:
    status:
      code: 201
      message: Created
    headers:
      Content-Type:
      - application/json
      Etag:
      - W/"120917583ae3f64355d682b690f7cb40"
      Cache-Control:
      - max-age=0, private, must-revalidate
      X-Request-Id:
      - 949226d1-f5aa-4cbe-98da-f27d1e18c9d4
      X-Runtime:
      - '0.016450'
      Content-Length:
      - '32'
    body:
      encoding: UTF-8
      string: '{"token":"E2aoXzMxkFsLnCcmCcc_"}'
    http_version: 
  recorded_at: Sat, 21 Nov 2015 22:31:02 GMT
- request:
    method: get
    uri: http://localhost:3000/locomotive/sample/api/v3/content_types.json?auth_token=E2aoXzMxkFsLnCcmCcc_
    body:
      encoding: US-ASCII
      string: ''
    headers:
      Accept:
      - application/json
      X-Locomotive-Account-Email:
      - admin@locomotivecms.com
      X-Locomotive-Account-Token:
      - E2aoXzMxkFsLnCcmCcc_
      Accept-Encoding:
      - gzip;q=1.0,deflate;q=0.6,identity;q=0.3
      User-Agent:
      - Ruby
  response:
    status:
      code: 200
      message: OK
    headers:
      Content-Type:
      - application/json
      Etag:
      - W/"651da593cbd5b3a1a67335aacc39d415"
      Cache-Control:
      - max-age=0, private, must-revalidate
      X-Request-Id:
      - faf08c07-5d6b-44e5-8d10-a75b4ca1711f
      X-Runtime:
      - '0.033648'
      Content-Length:
      - '644'
    body:
      encoding: UTF-8
      string: '[{"_id":"5650f0a687f6436cbc00002f","created_at":"2015-11-21T22:31:02Z","updated_at":"2015-11-21T22:31:02Z","name":"Projects","slug":"projects","description":null,"label_field_name":"name","order_direction":"asc","public_submission_enabled":false,"public_submission_accounts":[],"public_submission_title_template":null,"entry_template":null,"display_settings":null,"fields":[{"_id":"5650f0a687f6436cbc000030","created_at":null,"updated_at":null,"name":"name","type":"string","label":"Name","hint":null,"required":true,"localized":false,"unique":false,"position":0}],"order_by":"created_at","group_by":null,"public_submission_account_emails":[]}]'
    http_version: 
  recorded_at: Sat, 21 Nov 2015 22:31:02 GMT
- request:
    method: put
    uri: http://localhost:3000/locomotive/sample/api/v3/content_types/5650f0a687f6436cbc00002f.json
    body:
      encoding: UTF-8
      string: auth_token=E2aoXzMxkFsLnCcmCcc_&content_type%5Bname%5D=Our+projects
    headers:
      Accept:
      - application/json
      X-Locomotive-Account-Email:
      - admin@locomotivecms.com
      X-Locomotive-Account-Token:
      - E2aoXzMxkFsLnCcmCcc_
      Content-Type:
      - application/x-www-form-urlencoded
      Accept-Encoding:
      - gzip;q=1.0,deflate;q=0.6,identity;q=0.3
      User-Agent:
      - Ruby
  response:
    status:
      code: 200
      message: OK
    headers:
      Content-Type:
      - application/json
      Etag:
      - W/"3484b9773b179962dad776acacc41f12"
      Cache-Control:
      - max-age=0, private, must-revalidate
      X-Request-Id:
      - 1d45086f-f5a6-4080-b2ba-73e08444646a
      X-Runtime:
      - '0.051729'
      Content-Length:
      - '646'
    body:
      encoding: UTF-8
      string: '{"_id":"5650f0a687f6436cbc00002f","created_at":"2015-11-21T22:31:02Z","updated_at":"2015-11-21T22:31:02Z","name":"Our
        projects","slug":"projects","description":null,"label_field_name":"name","order_direction":"asc","public_submission_enabled":false,"public_submission_accounts":[],"public_submission_title_template":null,"entry_template":null,"display_settings":null,"fields":[{"_id":"5650f0a687f6436cbc000030","created_at":null,"updated_at":null,"name":"name","type":"string","label":"Name","hint":null,"required":true,"localized":false,"unique":false,"position":0}],"order_by":"created_at","group_by":null,"public_submission_account_emails":[]}'
    http_version: 
  recorded_at: Sat, 21 Nov 2015 22:31:02 GMT
- request:
    method: post
    uri: http://localhost:3000/locomotive/api/v3/tokens.json
    body:
      encoding: UTF-8
      string: email=admin%40locomotivecms.com&password=locomotive
    headers:
      Accept:
      - application/json
      Content-Type:
      - application/x-www-form-urlencoded
      Accept-Encoding:
      - gzip;q=1.0,deflate;q=0.6,identity;q=0.3
      User-Agent:
      - Ruby
  response:
    status:
      code: 201
      message: Created
    headers:
      Content-Type:
      - application/json
      Etag:
      - W/"120917583ae3f64355d682b690f7cb40"
      Cache-Control:
      - max-age=0, private, must-revalidate
      X-Request-Id:
      - 64685613-ff84-46a2-bf6e-bd4d2e4637b6
      X-Runtime:
      - '0.017536'
      Content-Length:
      - '32'
    body:
      encoding: UTF-8
      string: '{"token":"E2aoXzMxkFsLnCcmCcc_"}'
    http_version: 
  recorded_at: Sat, 21 Nov 2015 22:31:02 GMT
- request:
    method: get
    uri: http://localhost:3000/locomotive/sample/api/v3/content_types.json?auth_token=E2aoXzMxkFsLnCcmCcc_
    body:
      encoding: US-ASCII
      string: ''
    headers:
      Accept:
      - application/json
      X-Locomotive-Account-Email:
      - admin@locomotivecms.com
      X-Locomotive-Account-Token:
      - E2aoXzMxkFsLnCcmCcc_
      Accept-Encoding:
      - gzip;q=1.0,deflate;q=0.6,identity;q=0.3
      User-Agent:
      - Ruby
  response:
    status:
      code: 200
      message: OK
    headers:
      Content-Type:
      - application/json
      Etag:
      - W/"7a16135252999bf12cd7e9185b06b57f"
      Cache-Control:
      - max-age=0, private, must-revalidate
      X-Request-Id:
      - 4842b43f-7521-4215-bd3a-90953335aea9
      X-Runtime:
      - '0.030018'
      Content-Length:
      - '648'
    body:
      encoding: UTF-8
      string: '[{"_id":"5650f0a687f6436cbc00002f","created_at":"2015-11-21T22:31:02Z","updated_at":"2015-11-21T22:31:02Z","name":"Our
        projects","slug":"projects","description":null,"label_field_name":"name","order_direction":"asc","public_submission_enabled":false,"public_submission_accounts":[],"public_submission_title_template":null,"entry_template":null,"display_settings":null,"fields":[{"_id":"5650f0a687f6436cbc000030","created_at":null,"updated_at":null,"name":"name","type":"string","label":"Name","hint":null,"required":true,"localized":false,"unique":false,"position":0}],"order_by":"created_at","group_by":null,"public_submission_account_emails":[]}]'
    http_version: 
  recorded_at: Sat, 21 Nov 2015 22:31:02 GMT
- request:
    method: delete
    uri: http://localhost:3000/locomotive/sample/api/v3/content_types/5650f0a687f6436cbc00002f.json?auth_token=E2aoXzMxkFsLnCcmCcc_
    body:
      encoding: US-ASCII
      string: ''
    headers:
      Accept:
      - application/json
      X-Locomotive-Account-Email:
      - admin@locomotivecms.com
      X-Locomotive-Account-Token:
      - E2aoXzMxkFsLnCcmCcc_
      Accept-Encoding:
      - gzip;q=1.0,deflate;q=0.6,identity;q=0.3
      User-Agent:
      - Ruby
  response:
    status:
      code: 200
      message: OK
    headers:
      Content-Type:
      - application/json
      Etag:
      - W/"3484b9773b179962dad776acacc41f12"
      Cache-Control:
      - max-age=0, private, must-revalidate
      X-Request-Id:
      - 0bac9ce4-ded3-4c4b-bfe5-0c2df2616044
      X-Runtime:
      - '0.034932'
      Content-Length:
      - '646'
    body:
      encoding: UTF-8
      string: '{"_id":"5650f0a687f6436cbc00002f","created_at":"2015-11-21T22:31:02Z","updated_at":"2015-11-21T22:31:02Z","name":"Our
        projects","slug":"projects","description":null,"label_field_name":"name","order_direction":"asc","public_submission_enabled":false,"public_submission_accounts":[],"public_submission_title_template":null,"entry_template":null,"display_settings":null,"fields":[{"_id":"5650f0a687f6436cbc000030","created_at":null,"updated_at":null,"name":"name","type":"string","label":"Name","hint":null,"required":true,"localized":false,"unique":false,"position":0}],"order_by":"created_at","group_by":null,"public_submission_account_emails":[]}'
    http_version: 
  recorded_at: Sat, 21 Nov 2015 22:31:02 GMT
- request:
    method: post
    uri: http://localhost:3000/locomotive/api/v3/tokens.json
    body:
      encoding: UTF-8
      string: email=admin%40locomotivecms.com&password=locomotive
    headers:
      Accept:
      - application/json
      Content-Type:
      - application/x-www-form-urlencoded
      Accept-Encoding:
      - gzip;q=1.0,deflate;q=0.6,identity;q=0.3
      User-Agent:
      - Ruby
  response:
    status:
      code: 201
      message: Created
    headers:
      Content-Type:
      - application/json
      Etag:
      - W/"120917583ae3f64355d682b690f7cb40"
      Cache-Control:
      - max-age=0, private, must-revalidate
      X-Request-Id:
      - fd0cd01a-6b3e-408e-bc63-934588d2ef75
      X-Runtime:
      - '0.016271'
      Content-Length:
      - '32'
    body:
      encoding: UTF-8
      string: '{"token":"E2aoXzMxkFsLnCcmCcc_"}'
    http_version: 
  recorded_at: Sat, 21 Nov 2015 22:31:02 GMT
- request:
    method: get
    uri: http://localhost:3000/locomotive/sample/api/v3/content_types.json?auth_token=E2aoXzMxkFsLnCcmCcc_
    body:
      encoding: US-ASCII
      string: ''
    headers:
      Accept:
      - application/json
      X-Locomotive-Account-Email:
      - admin@locomotivecms.com
      X-Locomotive-Account-Token:
      - E2aoXzMxkFsLnCcmCcc_
      Accept-Encoding:
      - gzip;q=1.0,deflate;q=0.6,identity;q=0.3
      User-Agent:
      - Ruby
  response:
    status:
      code: 200
      message: OK
    headers:
      Content-Type:
      - application/json
      Etag:
      - W/"d751713988987e9331980363e24189ce"
      Cache-Control:
      - max-age=0, private, must-revalidate
      X-Request-Id:
      - ddf03cdf-3c03-4b31-9c7a-344895d670fe
      X-Runtime:
      - '0.026817'
      Content-Length:
      - '2'
    body:
      encoding: UTF-8
      string: "[]"
    http_version: 
  recorded_at: Sat, 21 Nov 2015 22:31:02 GMT
- request:
    method: post
    uri: http://localhost:3000/locomotive/sample/api/v3/content_types.json
    body:
      encoding: UTF-8
      string: auth_token=E2aoXzMxkFsLnCcmCcc_&content_type%5Bfields%5D%5B0%5D%5Blabel%5D=Name&content_type%5Bfields%5D%5B0%5D%5Bname%5D=name&content_type%5Bfields%5D%5B0%5D%5Btype%5D=string&content_type%5Bname%5D=Projects&content_type%5Bslug%5D=projects
    headers:
      Accept:
      - application/json
      X-Locomotive-Account-Email:
      - admin@locomotivecms.com
      X-Locomotive-Account-Token:
      - E2aoXzMxkFsLnCcmCcc_
      Content-Type:
      - application/x-www-form-urlencoded
      Accept-Encoding:
      - gzip;q=1.0,deflate;q=0.6,identity;q=0.3
      User-Agent:
      - Ruby
  response:
    status:
      code: 201
      message: Created
    headers:
      Content-Type:
      - application/json
      Etag:
      - W/"5bd996a0c76180d2067dd58da62c38ee"
      Cache-Control:
      - max-age=0, private, must-revalidate
      X-Request-Id:
      - 8435fbb9-e79a-49d6-847d-f98afa7367ec
      X-Runtime:
      - '0.045048'
      Content-Length:
      - '642'
    body:
      encoding: UTF-8
      string: '{"_id":"5650f0a687f6436cbc000031","created_at":"2015-11-21T22:31:02Z","updated_at":"2015-11-21T22:31:02Z","name":"Projects","slug":"projects","description":null,"label_field_name":"name","order_direction":"asc","public_submission_enabled":false,"public_submission_accounts":[],"public_submission_title_template":null,"entry_template":null,"display_settings":null,"fields":[{"_id":"5650f0a687f6436cbc000032","created_at":null,"updated_at":null,"name":"name","type":"string","label":"Name","hint":null,"required":true,"localized":false,"unique":false,"position":0}],"order_by":"created_at","group_by":null,"public_submission_account_emails":[]}'
    http_version: 
  recorded_at: Sat, 21 Nov 2015 22:31:02 GMT
- request:
    method: get
    uri: http://localhost:3000/locomotive/sample/api/v3/content_types.json?auth_token=E2aoXzMxkFsLnCcmCcc_
    body:
      encoding: US-ASCII
      string: ''
    headers:
      Accept:
      - application/json
      X-Locomotive-Account-Email:
      - admin@locomotivecms.com
      X-Locomotive-Account-Token:
      - E2aoXzMxkFsLnCcmCcc_
      Accept-Encoding:
      - gzip;q=1.0,deflate;q=0.6,identity;q=0.3
      User-Agent:
      - Ruby
  response:
    status:
      code: 200
      message: OK
    headers:
      Content-Type:
      - application/json
      Etag:
      - W/"4673dad796685df901103fedd2a98d78"
      Cache-Control:
      - max-age=0, private, must-revalidate
      X-Request-Id:
      - 9cc63853-441f-4895-8412-9e23f0ea913d
      X-Runtime:
      - '0.025730'
      Content-Length:
      - '644'
    body:
      encoding: UTF-8
      string: '[{"_id":"5650f0a687f6436cbc000031","created_at":"2015-11-21T22:31:02Z","updated_at":"2015-11-21T22:31:02Z","name":"Projects","slug":"projects","description":null,"label_field_name":"name","order_direction":"asc","public_submission_enabled":false,"public_submission_accounts":[],"public_submission_title_template":null,"entry_template":null,"display_settings":null,"fields":[{"_id":"5650f0a687f6436cbc000032","created_at":null,"updated_at":null,"name":"name","type":"string","label":"Name","hint":null,"required":true,"localized":false,"unique":false,"position":0}],"order_by":"created_at","group_by":null,"public_submission_account_emails":[]}]'
    http_version: 
  recorded_at: Sat, 21 Nov 2015 22:31:02 GMT
recorded_with: VCR 2.9.3
